###############################################################################
#
# IAR ELF Linker V9.10.2.313/W64 for ARM                  03/Dec/2021  22:59:41
# Copyright 2007-2021 IAR Systems AB.
#
#    Output file  =
#        F:\training\ByOs\workplaceIAR_9.10.2\Project\Debug\Exe\Project.out
#    Map file     =
#        F:\training\ByOs\workplaceIAR_9.10.2\Project\Debug\List\Project.map
#    Command line =
#        -f
#        F:\training\ByOs\workplaceIAR_9.10.2\Project\Debug\Exe\Project.out.rsp
#        (F:\training\ByOs\workplaceIAR_9.10.2\Project\Debug\Obj\userSource\main.o
#        F:\training\ByOs\workplaceIAR_9.10.2\Project\Debug\Obj\ByOs\os_driver\os_context.o
#        F:\training\ByOs\workplaceIAR_9.10.2\Project\Debug\Obj\ByOs\os_example.o
#        F:\training\ByOs\workplaceIAR_9.10.2\Project\Debug\Obj\ByOs\os_kernel\os_scheduler.o
#        F:\training\ByOs\workplaceIAR_9.10.2\Project\Debug\Obj\ByOs\os_driver\os_systick.o
#        F:\training\ByOs\workplaceIAR_9.10.2\Project\Debug\Obj\ByOs\os_kernel\os_task.o
#        F:\training\ByOs\workplaceIAR_9.10.2\Project\Debug\Obj\ByOs\os_kernel\os_tasklink.o
#        "F:\training\ByOs\workplaceIAR_9.10.2\Project\Debug\Obj\CMSIS-Pack\Device
#        Startup\startup_ARMCM4.o"
#        "F:\training\ByOs\workplaceIAR_9.10.2\Project\Debug\Obj\CMSIS-Pack\Device
#        Startup\system_ARMCM4.o" --no_out_extension -o
#        F:\training\ByOs\workplaceIAR_9.10.2\Project\Debug\Exe\Project.out
#        --map
#        F:\training\ByOs\workplaceIAR_9.10.2\Project\Debug\List\Project.map
#        --config
#        C:/Users/�׷�ǿ/IAR-CMSIS-Packs/ARM/CMSIS/5.8.0/\.iar\config\linker\ARMCM4.icf
#        --semihosting --entry __iar_program_start --vfe --text_out locale)
#
###############################################################################

*******************************************************************************
*** RUNTIME MODEL ATTRIBUTES
***

CppFlavor       = *
__SystemLibrary = DLib
__dlib_version  = 6


*******************************************************************************
*** HEAP SELECTION
***

The basic heap was selected because no calls to memory allocation
functions were found in the application outside of system library
functions, and there are calls to deallocation functions in the
application.


*******************************************************************************
*** PLACEMENT SUMMARY
***

"A0":  place at address 0x0 { ro section .intvec };
"P1":  place in [from 0x0 to 0x3'ffff] { ro };
define block CSTACK with size = 16K, alignment = 8 { };
define block HEAP with size = 32K, alignment = 8 { };
"P3":  place in [from 0x0 to 0x0] |
                [from 0x2000'0000 to 0x2001'ffff] {
          rw, block CSTACK, block HEAP };
initialize by copy { rw };

No sections matched the following patterns:

  ro section application_specific_ro  in "P2|P4"
  rw section application_specific_rw  in "P2|P4"


  Section            Kind         Address    Size  Object
  -------            ----         -------    ----  ------
"A0":                                       0x3c0
  .intvec            ro code          0x0   0x3c0  startup_ARMCM4.o [4]
                                  - 0x3c0   0x3c0

"P1":                                       0x738
  .text              ro code        0x3c0   0x168  os_task.o [3]
  .text              ro code        0x528    0x94  os_tasklink.o [3]
  .text              ro code        0x5bc    0xfc  os_scheduler.o [3]
  osContext          ro code        0x6b8    0x88  os_context.o [2]
  .text              ro code        0x740   0x15c  os_example.o [1]
  .text              ro code        0x89c     0x2  os_systick.o [2]
  .text              ro code        0x89e    0x2a  copy_init3.o [7]
  .rodata            const          0x8c8   0x100  os_task.o [3]
  .text              ro code        0x9c8    0x38  zero_init3.o [7]
  .text              ro code        0xa00    0x28  data_init.o [7]
  .iar.init_table    const          0xa28    0x24  - Linker created -
  .text              ro code        0xa4c    0x20  system_ARMCM4.o [4]
  .text              ro code        0xa6c    0x1e  cmain.o [7]
  .text              ro code        0xa8a     0x4  low_level_init.o [6]
  .text              ro code        0xa8e     0xc  main.o [5]
  .text              ro code        0xa9a     0x4  exit.o [6]
  .text              ro code        0xa9e     0x2  startup_ARMCM4.o [4]
  .text              ro code        0xaa0     0xa  cexit.o [7]
  .text              ro code        0xaac    0x14  exit.o [8]
  .text              ro code        0xac0    0x1c  cstartup_M.o [7]
  .text              ro code        0xadc    0x18  startup_ARMCM4.o [4]
  .rodata            const          0xaf4     0x0  zero_init3.o [7]
  .rodata            const          0xaf4     0x0  copy_init3.o [7]
  Initializer bytes  const          0xaf4     0x4  <for P3 s0>
                                  - 0xaf8   0x738

"P3", part 1 of 3:                            0x4
  P3 s0                       0x2000'0000     0x4  <Init block>
    .data            inited   0x2000'0000     0x4  system_ARMCM4.o [4]
                            - 0x2000'0004     0x4

"P3", part 2 of 3:                         0x2550
  .bss               zero     0x2000'0004   0x400  os_example.o [1]
  .bss               zero     0x2000'0404   0x400  os_example.o [1]
  .bss               zero     0x2000'0804   0x400  os_example.o [1]
  .bss               zero     0x2000'0c04   0x400  os_example.o [1]
  .bss               zero     0x2000'1004   0x400  os_example.o [1]
  .bss               zero     0x2000'1404   0x400  os_example.o [1]
  .bss               zero     0x2000'1804   0x400  os_example.o [1]
  .bss               zero     0x2000'1c04   0x400  os_example.o [1]
  .bss               zero     0x2000'2004   0x400  os_scheduler.o [3]
  .bss               zero     0x2000'2404    0x84  os_task.o [3]
  .bss               zero     0x2000'2488    0x14  os_example.o [1]
  .bss               zero     0x2000'249c    0x14  os_example.o [1]
  .bss               zero     0x2000'24b0    0x14  os_example.o [1]
  .bss               zero     0x2000'24c4    0x14  os_example.o [1]
  .bss               zero     0x2000'24d8    0x14  os_example.o [1]
  .bss               zero     0x2000'24ec    0x14  os_example.o [1]
  .bss               zero     0x2000'2500    0x14  os_example.o [1]
  .bss               zero     0x2000'2514    0x14  os_example.o [1]
  .bss               zero     0x2000'2528    0x14  os_scheduler.o [3]
  .bss               zero     0x2000'253c     0x8  os_tasklink.o [3]
  .bss               zero     0x2000'2544     0x4  os_scheduler.o [3]
  .bss               zero     0x2000'2548     0x4  os_scheduler.o [3]
  .bss               zero     0x2000'254c     0x4  os_task.o [3]
  .bss               zero     0x2000'2550     0x1  os_scheduler.o [3]
                            - 0x2000'2551  0x254d

"P3", part 3 of 3:                         0x4000
  CSTACK                      0x2000'2558  0x4000  <Block>
    CSTACK           uninit   0x2000'2558  0x4000  <Block tail>
                            - 0x2000'6558  0x4000

Unused ranges:

         From           To      Size
         ----           --      ----
        0xaf8     0x3'ffff  0x3'f508
  0x2000'2554  0x2000'2557       0x4
  0x2000'6558  0x2001'ffff  0x1'9aa8


*******************************************************************************
*** INIT TABLE
***

          Address      Size
          -------      ----
Zero (__iar_zero_init3)
    1 destination range, total size 0x254d:
          0x2000'0004  0x254d

Copy (__iar_copy_init3)
    1 source range, total size 0x4:
                0xaf4     0x4
    1 destination range, total size 0x4:
          0x2000'0000     0x4



*******************************************************************************
*** MODULE SUMMARY
***

    Module            ro code  ro data  rw data
    ------            -------  -------  -------
command line/config:
    -------------------------------------------
    Total:

F:\training\ByOs\workplaceIAR_9.10.2\Project\Debug\Obj\ByOs: [1]
    os_example.o          348             8'352
    -------------------------------------------
    Total:                348             8'352

F:\training\ByOs\workplaceIAR_9.10.2\Project\Debug\Obj\ByOs\os_driver: [2]
    os_context.o          136
    os_systick.o            2
    -------------------------------------------
    Total:                138

F:\training\ByOs\workplaceIAR_9.10.2\Project\Debug\Obj\ByOs\os_kernel: [3]
    os_scheduler.o        252             1'053
    os_task.o             360      256      136
    os_tasklink.o         148                 8
    -------------------------------------------
    Total:                760      256    1'197

F:\training\ByOs\workplaceIAR_9.10.2\Project\Debug\Obj\CMSIS-Pack\Device Startup: [4]
    startup_ARMCM4.o      986
    system_ARMCM4.o        32        4        4
    -------------------------------------------
    Total:              1'018        4        4

F:\training\ByOs\workplaceIAR_9.10.2\Project\Debug\Obj\userSource: [5]
    main.o                 12
    -------------------------------------------
    Total:                 12

dl7M_tln.a: [6]
    exit.o                  4
    low_level_init.o        4
    -------------------------------------------
    Total:                  8

rt7M_tl.a: [7]
    cexit.o                10
    cmain.o                30
    copy_init3.o           42
    cstartup_M.o           28
    data_init.o            40
    zero_init3.o           56
    -------------------------------------------
    Total:                206

shb_l.a: [8]
    exit.o                 20
    -------------------------------------------
    Total:                 20

    Gaps                    2
    Linker created                  36   16'384
-----------------------------------------------
    Grand Total:        2'512      296   25'937


*******************************************************************************
*** ENTRY LIST
***

Entry                       Address   Size  Type      Object
-----                       -------   ----  ----      ------
.iar.init_table$$Base         0xa28          --   Gb  - Linker created -
.iar.init_table$$Limit        0xa4c          --   Gb  - Linker created -
?main                         0xa6d         Code  Gb  cmain.o [7]
CSTACK$$Base            0x2000'2558          --   Gb  - Linker created -
CSTACK$$Limit           0x2000'6558          --   Gb  - Linker created -
InitRAM                       0x6f1         Code  Gb  os_context.o [2]
PendSV_Handler                0x6b9         Code  Gb  os_context.o [2]
Region$$Table$$Base           0xa28          --   Gb  - Linker created -
Region$$Table$$Limit          0xa4c          --   Gb  - Linker created -
SysTickInit                   0x89d    0x2  Code  Gb  os_systick.o [2]
SysTick_Handler               0x6e3         Code  Gb  os_context.o [2]
SystemCoreClock         0x2000'0000    0x4  Data  Gb  system_ARMCM4.o [4]
SystemInit                    0xa4d    0xe  Code  Gb  system_ARMCM4.o [4]
TaskOder                0x2000'254c    0x4  Data  Gb  os_task.o [3]
TaskOderBit                   0x8c8  0x100  Data  Lc  os_task.o [3]
TaskSchedLock           0x2000'2550    0x1  Data  Lc  os_scheduler.o [3]
UserTaskInit                  0x741   0xac  Code  Gb  os_example.o [1]
__Vectors                       0x0          --   Gb  startup_ARMCM4.o [4]
__Vectors_End                 0x3c0         Data  Gb  startup_ARMCM4.o [4]
__Vectors_Size {Abs}          0x3c0          --   Gb  startup_ARMCM4.o [4]
__cmain                       0xa6d         Code  Gb  cmain.o [7]
__exit                        0xaad   0x14  Code  Gb  exit.o [8]
__iar_copy_init3              0x89f   0x2a  Code  Gb  copy_init3.o [7]
__iar_data_init3              0xa01   0x28  Code  Gb  data_init.o [7]
__iar_program_start           0xac1         Code  Gb  cstartup_M.o [7]
__iar_zero_init3              0x9c9   0x38  Code  Gb  zero_init3.o [7]
__low_level_init              0xa8b    0x4  Code  Gb  low_level_init.o [6]
__vector_table                  0x0         Data  Gb  startup_ARMCM4.o [4]
__vector_table_0x1c            0x1c         Data  Gb  startup_ARMCM4.o [4]
_call_main                    0xa79         Code  Gb  cmain.o [7]
_exit                         0xaa1         Code  Gb  cexit.o [7]
currentTask             0x2000'2544    0x4  Data  Gb  os_scheduler.o [3]
exit                          0xa9b    0x4  Code  Gb  exit.o [6]
main                          0xa8f    0xc  Code  Gb  main.o [5]
nextTask                0x2000'2548    0x4  Data  Gb  os_scheduler.o [3]
os_get_oder_pro               0x3e1   0x4c  Code  Gb  os_task.o [3]
os_input_link                 0x53f   0x3e  Code  Gb  os_tasklink.o [3]
os_order_link_init            0x529   0x16  Code  Gb  os_tasklink.o [3]
os_output_link                0x57d   0x3a  Code  Gb  os_tasklink.o [3]
os_reset_bit                  0x3d1   0x10  Code  Gb  os_task.o [3]
os_sched                      0x5cd   0x44  Code  Gb  os_scheduler.o [3]
os_scheduler                  0x645   0x50  Code  Gb  os_scheduler.o [3]
os_set_bit                    0x3c1   0x10  Code  Gb  os_task.o [3]
os_tTaskRunFirst              0x70f         Code  Gb  os_context.o [2]
os_trigerPendSVC              0x717         Code  Gb  os_context.o [2]
ost_delay                     0x4ed   0x2a  Code  Gb  os_task.o [3]
os_enter_critical            0x5bf    0x8  Code  Gb  os_scheduler.o [3]
ost_init                      0x42d   0xc0  Code  Gb  os_task.o [3]
os_quit_critical             0x5c7    0x6  Code  Gb  os_scheduler.o [3]
ost_startup_init              0x611   0x34  Code  Gb  os_scheduler.o [3]
tTask0                  0x2000'2488   0x14  Data  Gb  os_example.o [1]
tTask0Env               0x2000'0004  0x400  Data  Gb  os_example.o [1]
tTask1                  0x2000'249c   0x14  Data  Gb  os_example.o [1]
tTask1Env               0x2000'0404  0x400  Data  Gb  os_example.o [1]
tTask2                  0x2000'24b0   0x14  Data  Gb  os_example.o [1]
tTask2Env               0x2000'0804  0x400  Data  Gb  os_example.o [1]
tTask3                  0x2000'24c4   0x14  Data  Gb  os_example.o [1]
tTask30                 0x2000'2514   0x14  Data  Gb  os_example.o [1]
tTask30Env              0x2000'1c04  0x400  Data  Gb  os_example.o [1]
tTask3Env               0x2000'0c04  0x400  Data  Gb  os_example.o [1]
tTask4                  0x2000'24d8   0x14  Data  Gb  os_example.o [1]
tTask4Env               0x2000'1004  0x400  Data  Gb  os_example.o [1]
tTask5                  0x2000'24ec   0x14  Data  Gb  os_example.o [1]
tTask5Env               0x2000'1404  0x400  Data  Gb  os_example.o [1]
tTask6                  0x2000'2500   0x14  Data  Gb  os_example.o [1]
tTask6Env               0x2000'1804  0x400  Data  Gb  os_example.o [1]
tTaskIdle               0x2000'2528   0x14  Data  Gb  os_scheduler.o [3]
tTaskIdleEnv            0x2000'2004  0x400  Data  Gb  os_scheduler.o [3]
t_order_link            0x2000'253c    0x8  Data  Gb  os_tasklink.o [3]
task0                         0x82d    0xc  Code  Gb  os_example.o [1]
task1                         0x839    0xc  Code  Gb  os_example.o [1]
task2                         0x845    0xc  Code  Gb  os_example.o [1]
task3                         0x851    0xe  Code  Gb  os_example.o [1]
task30                        0x891    0xc  Code  Gb  os_example.o [1]
task4                         0x861    0xe  Code  Gb  os_example.o [1]
task5                         0x871    0xe  Code  Gb  os_example.o [1]
task6                         0x881    0xe  Code  Gb  os_example.o [1]
taskIdle                      0x5bd    0x2  Code  Gb  os_scheduler.o [3]
taskTable               0x2000'2404   0x84  Data  Gb  os_task.o [3]


[1] = F:\training\ByOs\workplaceIAR_9.10.2\Project\Debug\Obj\ByOs
[2] = F:\training\ByOs\workplaceIAR_9.10.2\Project\Debug\Obj\ByOs\os_driver
[3] = F:\training\ByOs\workplaceIAR_9.10.2\Project\Debug\Obj\ByOs\os_kernel
[4] = F:\training\ByOs\workplaceIAR_9.10.2\Project\Debug\Obj\CMSIS-Pack\Device Startup
[5] = F:\training\ByOs\workplaceIAR_9.10.2\Project\Debug\Obj\userSource
[6] = dl7M_tln.a
[7] = rt7M_tl.a
[8] = shb_l.a

   2'512 bytes of readonly  code memory
     296 bytes of readonly  data memory
  25'937 bytes of readwrite data memory

Errors: none
Warnings: none
